
=== EditorBridge launch 2026-08-31 11:20:20 (editor pid 8484) ===
Godot Engine v4.8.dev.custom_build.bfc77b24e (2026-08-27 17:23:03 UTC) - https://godotengine.org
OpenGL API 3.3.0 Core Profile Context 25.20.32.06.251214 - Compatibility - Using Device: ATI Technologies Inc. - AMD Radeon(TM) 8060S Graphics


=== EditorBridge launch 2026-08-31 11:20:41 (editor pid 21420) ===
Godot Engine v4.8.dev.custom_build.bfc77b24e (2026-08-27 17:23:03 UTC) - https://godotengine.org
OpenGL API 3.3.0 Core Profile Context 25.20.32.06.251214 - Compatibility - Using Device: ATI Technologies Inc. - AMD Radeon(TM) 8060S Graphics


=== EditorBridge launch 2026-08-31 11:21:14 (editor pid 35320) ===
Godot Engine v4.8.dev.custom_build.bfc77b24e (2026-08-27 17:23:03 UTC) - https://godotengine.org
OpenGL API 3.3.0 Core Profile Context 25.20.32.06.251214 - Compatibility - Using Device: ATI Technologies Inc. - AMD Radeon(TM) 8060S Graphics


=== EditorBridge launch 2026-08-31 11:21:57 (editor pid 24156) ===
Godot Engine v4.8.dev.custom_build.bfc77b24e (2026-08-27 17:23:03 UTC) - https://godotengine.org
OpenGL API 3.3.0 Core Profile Context 25.20.32.06.251214 - Compatibility - Using Device: ATI Technologies Inc. - AMD Radeon(TM) 8060S Graphics


=== EditorBridge launch 2026-08-31 11:22:30 (editor pid 1548) ===
Godot Engine v4.8.dev.custom_build.bfc77b24e (2026-08-27 17:23:03 UTC) - https://godotengine.org
OpenGL API 3.3.0 Core Profile Context 25.20.32.06.251214 - Compatibility - Using Device: ATI Technologies Inc. - AMD Radeon(TM) 8060S Graphics


=== EditorBridge launch 2026-08-31 11:23:03 (editor pid 26024) ===
Godot Engine v4.8.dev.custom_build.bfc77b24e (2026-08-27 17:23:03 UTC) - https://godotengine.org
OpenGL API 3.3.0 Core Profile Context 25.20.32.06.251214 - Compatibility - Using Device: ATI Technologies Inc. - AMD Radeon(TM) 8060S Graphics


=== EditorBridge launch 2026-08-31 11:23:36 (editor pid 25980) ===
Godot Engine v4.8.dev.custom_build.bfc77b24e (2026-08-27 17:23:03 UTC) - https://godotengine.org
OpenGL API 3.3.0 Core Profile Context 25.20.32.06.251214 - Compatibility - Using Device: ATI Technologies Inc. - AMD Radeon(TM) 8060S Graphics


=== EditorBridge launch 2026-08-31 11:24:10 (editor pid 35084) ===
Godot Engine v4.8.dev.custom_build.bfc77b24e (2026-08-27 17:23:03 UTC) - https://godotengine.org
OpenGL API 3.3.0 Core Profile Context 25.20.32.06.251214 - Compatibility - Using Device: ATI Technologies Inc. - AMD Radeon(TM) 8060S Graphics


=== EditorBridge launch 2026-08-31 11:24:44 (editor pid 16096) ===
Godot Engine v4.8.dev.custom_build.bfc77b24e (2026-08-27 17:23:03 UTC) - https://godotengine.org
OpenGL API 3.3.0 Core Profile Context 25.20.32.06.251214 - Compatibility - Using Device: ATI Technologies Inc. - AMD Radeon(TM) 8060S Graphics


=== EditorBridge launch 2026-08-31 11:25:17 (editor pid 35660) ===
Godot Engine v4.8.dev.custom_build.bfc77b24e (2026-08-27 17:23:03 UTC) - https://godotengine.org
OpenGL API 3.3.0 Core Profile Context 25.20.32.06.251214 - Compatibility - Using Device: ATI Technologies Inc. - AMD Radeon(TM) 8060S Graphics


=== EditorBridge launch 2026-08-31 12:20:49 (editor pid 30248) ===
Godot Engine v4.8.dev.custom_build.bfc77b24e (2026-08-27 17:23:03 UTC) - https://godotengine.org
Vulkan 1.4.329 - Forward+ - Using Device #0: AMD - AMD Radeon(TM) 8060S Graphics
WARNING: Property not found: 'rendering/textures/streaming/enabled'.
   at: ProjectSettings::get_setting_with_override (core\config\project_settings.cpp:435)

[EditorBridge] Output panel found (EditorLog)
[EditorBridge] Mailbox bridge ready (v2.1.0) — res://.tmp/bridge
